// Jest Snapshot v1, https://goo.gl/fbAQLP

exports[`VideoBlock mount correctly 1`] = `ReactWrapper {}`;
