// Jest Snapshot v1, https://goo.gl/fbAQLP

exports[`Trailers mount correctly 1`] = `ReactWrapper {}`;
